JPEXS Free Flash Decompiler v.26.2.1
------------------------------------
Exporting texts...
Exported text 1/91 DefineText (chid: 15)
Exported text 2/91 DefineText (chid: 16)
Exported text 3/91 DefineText (chid: 18)
Exported text 4/91 DefineText (chid: 19)
Exported text 5/91 DefineText (chid: 21)
Exported text 6/91 DefineText (chid: 22)
Exported text 7/91 DefineText (chid: 24)
Exported text 8/91 DefineText (chid: 27)
Exported text 9/91 DefineText (chid: 29)
Exported text 10/91 DefineText (chid: 30)
Exported text 11/91 DefineText (chid: 31)
Exported text 12/91 DefineEditText (chid: 35)
Exported text 13/91 DefineText (chid: 36)
Exported text 14/91 DefineEditText (chid: 37)
Exported text 15/91 DefineText (chid: 38)
Exported text 16/91 DefineEditText (chid: 39)
Exported text 17/91 DefineEditText (chid: 43)
Exported text 18/91 DefineText (chid: 49)
Exported text 19/91 DefineText (chid: 64)
Exported text 20/91 DefineEditText (chid: 67)
Exported text 21/91 DefineEditText (chid: 69)
Exported text 22/91 DefineText (chid: 73)
Exported text 23/91 DefineText (chid: 75)
Exported text 24/91 DefineText (chid: 76)
Exported text 25/91 DefineEditText (chid: 84, vn: "verNumber")
Exported text 26/91 DefineText (chid: 85)
Exported text 27/91 DefineText (chid: 86)
Exported text 28/91 DefineText (chid: 88)
Exported text 29/91 DefineText (chid: 89)
Exported text 30/91 DefineText (chid: 106)
Exported text 31/91 DefineText (chid: 109)
Exported text 32/91 DefineText (chid: 115)
Exported text 33/91 DefineText (chid: 126)
Exported text 34/91 DefineText (chid: 127)
Exported text 35/91 DefineText (chid: 130)
Exported text 36/91 DefineText (chid: 131)
Exported text 37/91 DefineText (chid: 132)
Exported text 38/91 DefineText (chid: 133)
Exported text 39/91 DefineText (chid: 134)
Exported text 40/91 DefineText (chid: 136)
Exported text 41/91 DefineText (chid: 138)
Exported text 42/91 DefineText (chid: 139)
Exported text 43/91 DefineText (chid: 140)
Exported text 44/91 DefineText (chid: 141)
Exported text 45/91 DefineText (chid: 142)
Exported text 46/91 DefineText (chid: 143)
Exported text 47/91 DefineText (chid: 144)
Exported text 48/91 DefineText (chid: 145)
Exported text 49/91 DefineText (chid: 146)
Exported text 50/91 DefineEditText (chid: 147)
Exported text 51/91 DefineText (chid: 148)
Exported text 52/91 DefineEditText (chid: 149)
Exported text 53/91 DefineEditText (chid: 150)
Exported text 54/91 DefineText (chid: 155)
Exported text 55/91 DefineText (chid: 169)
Exported text 56/91 DefineText (chid: 170)
Exported text 57/91 DefineText (chid: 171)
Exported text 58/91 DefineText (chid: 172)
Exported text 59/91 DefineText (chid: 174)
Exported text 60/91 DefineText (chid: 175)
Exported text 61/91 DefineText (chid: 180)
Exported text 62/91 DefineEditText (chid: 181)
Exported text 63/91 DefineEditText (chid: 182)
Exported text 64/91 DefineEditText (chid: 183)
Exported text 65/91 DefineText (chid: 188)
Exported text 66/91 DefineText (chid: 198)
Exported text 67/91 DefineText (chid: 199)
Exported text 68/91 DefineEditText (chid: 200, vn: "error")
Exported text 69/91 DefineEditText (chid: 201, vn: "error")
Exported text 70/91 DefineText (chid: 202)
Exported text 71/91 DefineEditText (chid: 203, vn: "error")
Exported text 72/91 DefineEditText (chid: 204, vn: "error")
Exported text 73/91 DefineText (chid: 206)
Exported text 74/91 DefineText (chid: 207)
Exported text 75/91 DefineEditText (chid: 212)
Exported text 76/91 DefineText (chid: 214)
Exported text 77/91 DefineText (chid: 215)
Exported text 78/91 DefineEditText (chid: 216)
Exported text 79/91 DefineText (chid: 217)
Exported text 80/91 DefineText (chid: 219)
Exported text 81/91 DefineEditText (chid: 222)
Exported text 82/91 DefineText (chid: 223)
Exported text 83/91 DefineText (chid: 224)
Exported text 84/91 DefineText (chid: 227)
Exported text 85/91 DefineEditText (chid: 228)
Exported text 86/91 DefineEditText (chid: 229)
Exported text 87/91 DefineEditText (chid: 230)
Exported text 88/91 DefineEditText (chid: 231)
Exported text 89/91 DefineText (chid: 232)
Exported text 90/91 DefineText (chid: 234)
Exported text 91/91 DefineEditText (chid: 236, vn: "verNumber")
Exporting scripts...
Exported script 6/63 <repo>/decompiled/2-Little-Prince/reg/scripts/DefineSprite_17/frame_8/DoAction.as, 00:00.017
Exported script 3/63 <repo>/decompiled/2-Little-Prince/reg/scripts/DefineButton2_129/BUTTONCONDACTION on(release).as, 00:00.017
Exported script 1/63 <repo>/decompiled/2-Little-Prince/reg/scripts/DefineButton2_72/BUTTONCONDACTION on(release).as, 00:00.017
Exported script 2/63 <repo>/decompiled/2-Little-Prince/reg/scripts/DefineButton2_90/BUTTONCONDACTION on(release).as, 00:00.017
Exported script 7/63 <repo>/decompiled/2-Little-Prince/reg/scripts/DefineSprite_17/frame_15/DoAction.as, 00:00.017
Exported script 5/63 <repo>/decompiled/2-Little-Prince/reg/scripts/DefineSprite_17/frame_1/DoAction.as, 00:00.018
Exported script 4/63 <repo>/decompiled/2-Little-Prince/reg/scripts/DefineSprite_8/frame_1/DoAction.as, 00:00.019
Exported script 8/63 <repo>/decompiled/2-Little-Prince/reg/scripts/DefineSprite_20/frame_1/DoAction.as, 00:00.002
Exported script 13/63 <repo>/decompiled/2-Little-Prince/reg/scripts/DefineSprite_23/frame_8/DoAction.as, 00:00.001
Exported script 10/63 <repo>/decompiled/2-Little-Prince/reg/scripts/DefineSprite_20/frame_15/DoAction.as, 00:00.003
Exported script 9/63 <repo>/decompiled/2-Little-Prince/reg/scripts/DefineSprite_20/frame_8/DoAction.as, 00:00.002
Exported script 11/63 <repo>/decompiled/2-Little-Prince/reg/scripts/DefineSprite_20/frame_22/DoAction.as, 00:00.002
Exported script 12/63 <repo>/decompiled/2-Little-Prince/reg/scripts/DefineSprite_23/frame_1/DoAction.as, 00:00.002
Exported script 14/63 <repo>/decompiled/2-Little-Prince/reg/scripts/DefineSprite_23/frame_15/DoAction.as, 00:00.001
Exported script 16/63 <repo>/decompiled/2-Little-Prince/reg/scripts/DefineSprite_25/frame_8/DoAction.as, 00:00.001
Exported script 21/63 <repo>/decompiled/2-Little-Prince/reg/scripts/DefineSprite_205/frame_11/DoAction.as, 00:00.001
Exported script 17/63 <repo>/decompiled/2-Little-Prince/reg/scripts/DefineSprite_205/frame_1/DoAction.as, 00:00.001
Exported script 15/63 <repo>/decompiled/2-Little-Prince/reg/scripts/DefineSprite_25/frame_1/DoAction.as, 00:00.003
Exported script 18/63 <repo>/decompiled/2-Little-Prince/reg/scripts/DefineSprite_205/frame_2/DoAction.as, 00:00.001
Exported script 20/63 <repo>/decompiled/2-Little-Prince/reg/scripts/DefineSprite_205/frame_10/DoAction.as, 00:00.002
Exported script 24/63 <repo>/decompiled/2-Little-Prince/reg/scripts/DefineSprite_205/frame_20/DoAction.as, 00:00.002
Exported script 26/63 <repo>/decompiled/2-Little-Prince/reg/scripts/DefineSprite_205/frame_28/DoAction.as, 00:00.001
Exported script 27/63 <repo>/decompiled/2-Little-Prince/reg/scripts/DefineSprite_205/frame_29/DoAction.as, 00:00.001
Exported script 23/63 <repo>/decompiled/2-Little-Prince/reg/scripts/DefineSprite_205/frame_19/DoAction.as, 00:00.003
Exported script 29/63 <repo>/decompiled/2-Little-Prince/reg/scripts/DefineSprite_205/frame_37/DoAction.as, 00:00.001
Exported script 30/63 <repo>/decompiled/2-Little-Prince/reg/scripts/DefineSprite_205/frame_38/DoAction.as, 00:00.002
Exported script 22/63 <repo>/decompiled/2-Little-Prince/reg/scripts/DefineSprite_205/frame_15/DoAction.as, 00:00.005
Exported script 19/63 <repo>/decompiled/2-Little-Prince/reg/scripts/DefineSprite_205/frame_6/DoAction.as, 00:00.006
Exported script 28/63 <repo>/decompiled/2-Little-Prince/reg/scripts/DefineSprite_205/frame_33/DoAction.as, 00:00.003
Exported script 32/63 <repo>/decompiled/2-Little-Prince/reg/scripts/DefineSprite_205/frame_46/DoAction.as, 00:00.002
Exported script 33/63 <repo>/decompiled/2-Little-Prince/reg/scripts/DefineSprite_205/frame_47/DoAction.as, 00:00.002
Exported script 25/63 <repo>/decompiled/2-Little-Prince/reg/scripts/DefineSprite_205/frame_24/DoAction.as, 00:00.005
Exported script 35/63 <repo>/decompiled/2-Little-Prince/reg/scripts/DefineSprite_205/frame_55/DoAction.as, 00:00.001
Exported script 36/63 <repo>/decompiled/2-Little-Prince/reg/scripts/DefineSprite_205/frame_65/DoAction.as, 00:00.002
Exported script 37/63 <repo>/decompiled/2-Little-Prince/reg/scripts/DefineSprite_205/frame_66/DoAction.as, 00:00.001
Exported script 31/63 <repo>/decompiled/2-Little-Prince/reg/scripts/DefineSprite_205/frame_42/DoAction.as, 00:00.005
Exported script 40/63 <repo>/decompiled/2-Little-Prince/reg/scripts/DefineSprite_205/frame_75/DoAction.as, 00:00.003
Exported script 39/63 <repo>/decompiled/2-Little-Prince/reg/scripts/DefineSprite_205/frame_74/DoAction.as, 00:00.003
Exported script 42/63 <repo>/decompiled/2-Little-Prince/reg/scripts/DefineSprite_205/frame_83/DoAction.as, 00:00.003
Exported script 38/63 <repo>/decompiled/2-Little-Prince/reg/scripts/DefineSprite_205/frame_70/DoAction.as, 00:00.005
Exported script 43/63 <repo>/decompiled/2-Little-Prince/reg/scripts/DefineSprite_205/frame_93/DoAction.as, 00:00.003
Exported script 44/63 <repo>/decompiled/2-Little-Prince/reg/scripts/DefineSprite_205/frame_94/DoAction.as, 00:00.003
Exported script 47/63 <repo>/decompiled/2-Little-Prince/reg/scripts/DefineSprite_205/frame_103/DoAction.as, 00:00.002
Exported script 46/63 <repo>/decompiled/2-Little-Prince/reg/scripts/DefineSprite_205/frame_102/DoAction.as, 00:00.003
Exported script 45/63 <repo>/decompiled/2-Little-Prince/reg/scripts/DefineSprite_205/frame_98/DoAction.as, 00:00.004
Exported script 49/63 <repo>/decompiled/2-Little-Prince/reg/scripts/DefineSprite_205/frame_111/DoAction.as, 00:00.001
Exported script 50/63 <repo>/decompiled/2-Little-Prince/reg/scripts/DefineSprite_205/frame_112/DoAction.as, 00:00.001
Exported script 51/63 <repo>/decompiled/2-Little-Prince/reg/scripts/DefineSprite_205/frame_122/DoAction.as, 00:00.001
Exported script 52/63 <repo>/decompiled/2-Little-Prince/reg/scripts/DefineSprite_208/frame_1/DoAction.as, 00:00.001
Exported script 53/63 <repo>/decompiled/2-Little-Prince/reg/scripts/DefineSprite_208/frame_8/DoAction.as, 00:00.001
Exported script 48/63 <repo>/decompiled/2-Little-Prince/reg/scripts/DefineSprite_205/frame_107/DoAction.as, 00:00.004
Exported script 55/63 <repo>/decompiled/2-Little-Prince/reg/scripts/DefineSprite_235/frame_7/DoAction.as, 00:00.001
Exported script 54/63 <repo>/decompiled/2-Little-Prince/reg/scripts/DefineSprite_208/frame_15/DoAction.as, 00:00.002
Exported script 58/63 <repo>/decompiled/2-Little-Prince/reg/scripts/frame_1/DoAction_3.as, 00:00.005
Exported script 59/63 <repo>/decompiled/2-Little-Prince/reg/scripts/frame_2/DoAction.as, 00:00.007
Exported script 60/63 <repo>/decompiled/2-Little-Prince/reg/scripts/frame_3/DoAction.as, 00:00.006
Exported script 56/63 <repo>/decompiled/2-Little-Prince/reg/scripts/frame_1/DoAction.as, 00:00.010
Exported script 63/63 <repo>/decompiled/2-Little-Prince/reg/scripts/frame_23/DoAction.as, 00:00.003
Exported script 62/63 <repo>/decompiled/2-Little-Prince/reg/scripts/frame_15/DoAction.as, 00:00.005
Exported script 41/63 <repo>/decompiled/2-Little-Prince/reg/scripts/DefineSprite_205/frame_79/DoAction.as, 00:00.023
Exported script 34/63 <repo>/decompiled/2-Little-Prince/reg/scripts/DefineSprite_205/frame_51/DoAction.as, 00:00.025
Exported script 61/63 <repo>/decompiled/2-Little-Prince/reg/scripts/frame_9/DoAction.as, 00:00.012
Exported script 57/63 <repo>/decompiled/2-Little-Prince/reg/scripts/frame_1/DoAction_2.as, 00:00.039
Export finished. Total export time: 00:00.389
OK
