JPEXS Free Flash Decompiler v.26.2.1
------------------------------------
Exporting texts...
Exported text 1/92 DefineText (chid: 19)
Exported text 2/92 DefineText (chid: 20)
Exported text 3/92 DefineText (chid: 21)
Exported text 4/92 DefineText (chid: 22)
Exported text 5/92 DefineText (chid: 49)
Exported text 6/92 DefineText (chid: 50)
Exported text 7/92 DefineText (chid: 52)
Exported text 8/92 DefineText (chid: 53)
Exported text 9/92 DefineText (chid: 55)
Exported text 10/92 DefineText (chid: 56)
Exported text 11/92 DefineText (chid: 58)
Exported text 12/92 DefineText (chid: 60)
Exported text 13/92 DefineText (chid: 61)
Exported text 14/92 DefineText (chid: 62)
Exported text 15/92 DefineText (chid: 63)
Exported text 16/92 DefineEditText (chid: 67)
Exported text 17/92 DefineText (chid: 68)
Exported text 18/92 DefineEditText (chid: 69)
Exported text 19/92 DefineText (chid: 70)
Exported text 20/92 DefineEditText (chid: 71)
Exported text 21/92 DefineEditText (chid: 75)
Exported text 22/92 DefineText (chid: 81)
Exported text 23/92 DefineText (chid: 96)
Exported text 24/92 DefineText (chid: 98)
Exported text 25/92 DefineEditText (chid: 100)
Exported text 26/92 DefineEditText (chid: 102)
Exported text 27/92 DefineText (chid: 107)
Exported text 28/92 DefineText (chid: 108)
Exported text 29/92 DefineEditText (chid: 116, vn: "verNumber")
Exported text 30/92 DefineText (chid: 117)
Exported text 31/92 DefineText (chid: 118)
Exported text 32/92 DefineText (chid: 120)
Exported text 33/92 DefineText (chid: 121)
Exported text 34/92 DefineText (chid: 133)
Exported text 35/92 DefineText (chid: 149)
Exported text 36/92 DefineText (chid: 152)
Exported text 37/92 DefineText (chid: 158)
Exported text 38/92 DefineText (chid: 169)
Exported text 39/92 DefineText (chid: 170)
Exported text 40/92 DefineText (chid: 173)
Exported text 41/92 DefineText (chid: 174)
Exported text 42/92 DefineText (chid: 175)
Exported text 43/92 DefineText (chid: 176)
Exported text 44/92 DefineText (chid: 177)
Exported text 45/92 DefineText (chid: 179)
Exported text 46/92 DefineText (chid: 181)
Exported text 47/92 DefineText (chid: 182)
Exported text 48/92 DefineText (chid: 183)
Exported text 49/92 DefineText (chid: 184)
Exported text 50/92 DefineText (chid: 185)
Exported text 51/92 DefineText (chid: 186)
Exported text 52/92 DefineText (chid: 187)
Exported text 53/92 DefineText (chid: 188)
Exported text 54/92 DefineText (chid: 189)
Exported text 55/92 DefineEditText (chid: 190)
Exported text 56/92 DefineText (chid: 191)
Exported text 57/92 DefineEditText (chid: 192)
Exported text 58/92 DefineEditText (chid: 193)
Exported text 59/92 DefineText (chid: 198)
Exported text 60/92 DefineText (chid: 200)
Exported text 61/92 DefineText (chid: 201)
Exported text 62/92 DefineText (chid: 204)
Exported text 63/92 DefineEditText (chid: 205)
Exported text 64/92 DefineEditText (chid: 206)
Exported text 65/92 DefineEditText (chid: 207)
Exported text 66/92 DefineText (chid: 212)
Exported text 67/92 DefineText (chid: 222)
Exported text 68/92 DefineText (chid: 223)
Exported text 69/92 DefineEditText (chid: 224, vn: "error")
Exported text 70/92 DefineEditText (chid: 225, vn: "error")
Exported text 71/92 DefineText (chid: 226)
Exported text 72/92 DefineEditText (chid: 227, vn: "error")
Exported text 73/92 DefineEditText (chid: 228, vn: "error")
Exported text 74/92 DefineText (chid: 230)
Exported text 75/92 DefineText (chid: 231)
Exported text 76/92 DefineEditText (chid: 236)
Exported text 77/92 DefineText (chid: 237)
Exported text 78/92 DefineText (chid: 238)
Exported text 79/92 DefineEditText (chid: 239)
Exported text 80/92 DefineText (chid: 240)
Exported text 81/92 DefineText (chid: 242)
Exported text 82/92 DefineEditText (chid: 245)
Exported text 83/92 DefineText (chid: 246)
Exported text 84/92 DefineText (chid: 247)
Exported text 85/92 DefineText (chid: 249)
Exported text 86/92 DefineEditText (chid: 250)
Exported text 87/92 DefineEditText (chid: 251)
Exported text 88/92 DefineEditText (chid: 252)
Exported text 89/92 DefineEditText (chid: 253)
Exported text 90/92 DefineText (chid: 254)
Exported text 91/92 DefineText (chid: 256)
Exported text 92/92 DefineEditText (chid: 258, vn: "verNumber")
Exporting scripts...
Exported script 1/77 <repo>/decompiled/3-Prince-Adventure/reg/scripts/loading.as, 00:00.005
Exported script 7/77 <repo>/decompiled/3-Prince-Adventure/reg/scripts/__Packages/Prince3/MiniGame.as, 00:00.007
Exported script 6/77 <repo>/decompiled/3-Prince-Adventure/reg/scripts/__Packages/Prince3/Loading.as, 00:00.010
Exported script 8/77 <repo>/decompiled/3-Prince-Adventure/reg/scripts/__Packages/Prince3/NumberAni.as, 00:00.010
Exported script 5/77 <repo>/decompiled/3-Prince-Adventure/reg/scripts/__Packages/Prince3/KeyController.as, 00:00.018
Exported script 12/77 <repo>/decompiled/3-Prince-Adventure/reg/scripts/__Packages/Prince3/User.as, 00:00.015
Exported script 2/77 <repo>/decompiled/3-Prince-Adventure/reg/scripts/__Packages/Application.as, 00:00.043
Exported script 14/77 <repo>/decompiled/3-Prince-Adventure/reg/scripts/DefineButton2_105/BUTTONCONDACTION on(release).as, 00:00.004
Exported script 15/77 <repo>/decompiled/3-Prince-Adventure/reg/scripts/DefineButton2_122/BUTTONCONDACTION on(release).as, 00:00.001
Exported script 16/77 <repo>/decompiled/3-Prince-Adventure/reg/scripts/DefineButton2_172/BUTTONCONDACTION on(release).as, 00:00.000
Exported script 17/77 <repo>/decompiled/3-Prince-Adventure/reg/scripts/DefineSprite_11/frame_9/DoAction.as, 00:00.010
Exported script 10/77 <repo>/decompiled/3-Prince-Adventure/reg/scripts/__Packages/Prince3/Setting.as, 00:00.053
Exported script 18/77 <repo>/decompiled/3-Prince-Adventure/reg/scripts/DefineSprite_14/frame_10/DoAction.as, 00:00.005
Exported script 20/77 <repo>/decompiled/3-Prince-Adventure/reg/scripts/DefineSprite_51/frame_1/DoAction.as, 00:00.002
Exported script 19/77 <repo>/decompiled/3-Prince-Adventure/reg/scripts/DefineSprite_44/frame_1/DoAction.as, 00:00.004
Exported script 21/77 <repo>/decompiled/3-Prince-Adventure/reg/scripts/DefineSprite_51/frame_8/DoAction.as, 00:00.004
Exported script 22/77 <repo>/decompiled/3-Prince-Adventure/reg/scripts/DefineSprite_51/frame_15/DoAction.as, 00:00.004
Exported script 23/77 <repo>/decompiled/3-Prince-Adventure/reg/scripts/DefineSprite_54/frame_1/DoAction.as, 00:00.004
Exported script 11/77 <repo>/decompiled/3-Prince-Adventure/reg/scripts/__Packages/Prince3/SoundSystem.as, 00:00.059
Exported script 3/77 <repo>/decompiled/3-Prince-Adventure/reg/scripts/__Packages/GameBar.as, 00:00.075
Exported script 24/77 <repo>/decompiled/3-Prince-Adventure/reg/scripts/DefineSprite_54/frame_8/DoAction.as, 00:00.005
Exported script 26/77 <repo>/decompiled/3-Prince-Adventure/reg/scripts/DefineSprite_54/frame_22/DoAction.as, 00:00.001
Exported script 25/77 <repo>/decompiled/3-Prince-Adventure/reg/scripts/DefineSprite_54/frame_15/DoAction.as, 00:00.003
Exported script 30/77 <repo>/decompiled/3-Prince-Adventure/reg/scripts/DefineSprite_59/frame_1/DoAction.as, 00:00.002
Exported script 27/77 <repo>/decompiled/3-Prince-Adventure/reg/scripts/DefineSprite_57/frame_1/DoAction.as, 00:00.004
Exported script 29/77 <repo>/decompiled/3-Prince-Adventure/reg/scripts/DefineSprite_57/frame_15/DoAction.as, 00:00.003
Exported script 28/77 <repo>/decompiled/3-Prince-Adventure/reg/scripts/DefineSprite_57/frame_8/DoAction.as, 00:00.004
Exported script 31/77 <repo>/decompiled/3-Prince-Adventure/reg/scripts/DefineSprite_59/frame_8/DoAction.as, 00:00.002
Exported script 33/77 <repo>/decompiled/3-Prince-Adventure/reg/scripts/DefineSprite_229/frame_2/DoAction.as, 00:00.002
Exported script 32/77 <repo>/decompiled/3-Prince-Adventure/reg/scripts/DefineSprite_229/frame_1/DoAction.as, 00:00.002
Exported script 13/77 <repo>/decompiled/3-Prince-Adventure/reg/scripts/__Packages/Prince3/Utils.as, 00:00.049
Exported script 34/77 <repo>/decompiled/3-Prince-Adventure/reg/scripts/DefineSprite_229/frame_6/DoAction.as, 00:00.002
Exported script 35/77 <repo>/decompiled/3-Prince-Adventure/reg/scripts/DefineSprite_229/frame_10/DoAction.as, 00:00.001
Exported script 36/77 <repo>/decompiled/3-Prince-Adventure/reg/scripts/DefineSprite_229/frame_11/DoAction.as, 00:00.001
Exported script 38/77 <repo>/decompiled/3-Prince-Adventure/reg/scripts/DefineSprite_229/frame_19/DoAction.as, 00:00.001
Exported script 39/77 <repo>/decompiled/3-Prince-Adventure/reg/scripts/DefineSprite_229/frame_20/DoAction.as, 00:00.001
Exported script 40/77 <repo>/decompiled/3-Prince-Adventure/reg/scripts/DefineSprite_229/frame_24/DoAction.as, 00:00.001
Exported script 37/77 <repo>/decompiled/3-Prince-Adventure/reg/scripts/DefineSprite_229/frame_15/DoAction.as, 00:00.002
Exported script 41/77 <repo>/decompiled/3-Prince-Adventure/reg/scripts/DefineSprite_229/frame_28/DoAction.as, 00:00.002
Exported script 42/77 <repo>/decompiled/3-Prince-Adventure/reg/scripts/DefineSprite_229/frame_29/DoAction.as, 00:00.001
Exported script 44/77 <repo>/decompiled/3-Prince-Adventure/reg/scripts/DefineSprite_229/frame_37/DoAction.as, 00:00.001
Exported script 43/77 <repo>/decompiled/3-Prince-Adventure/reg/scripts/DefineSprite_229/frame_33/DoAction.as, 00:00.001
Exported script 48/77 <repo>/decompiled/3-Prince-Adventure/reg/scripts/DefineSprite_229/frame_47/DoAction.as, 00:00.003
Exported script 47/77 <repo>/decompiled/3-Prince-Adventure/reg/scripts/DefineSprite_229/frame_46/DoAction.as, 00:00.003
Exported script 45/77 <repo>/decompiled/3-Prince-Adventure/reg/scripts/DefineSprite_229/frame_38/DoAction.as, 00:00.005
Exported script 46/77 <repo>/decompiled/3-Prince-Adventure/reg/scripts/DefineSprite_229/frame_42/DoAction.as, 00:00.004
Exported script 49/77 <repo>/decompiled/3-Prince-Adventure/reg/scripts/DefineSprite_229/frame_51/DoAction.as, 00:00.004
Exported script 50/77 <repo>/decompiled/3-Prince-Adventure/reg/scripts/DefineSprite_229/frame_55/DoAction.as, 00:00.003
Exported script 53/77 <repo>/decompiled/3-Prince-Adventure/reg/scripts/DefineSprite_229/frame_70/DoAction.as, 00:00.002
Exported script 52/77 <repo>/decompiled/3-Prince-Adventure/reg/scripts/DefineSprite_229/frame_66/DoAction.as, 00:00.002
Exported script 54/77 <repo>/decompiled/3-Prince-Adventure/reg/scripts/DefineSprite_229/frame_74/DoAction.as, 00:00.001
Exported script 51/77 <repo>/decompiled/3-Prince-Adventure/reg/scripts/DefineSprite_229/frame_65/DoAction.as, 00:00.004
Exported script 55/77 <repo>/decompiled/3-Prince-Adventure/reg/scripts/DefineSprite_229/frame_75/DoAction.as, 00:00.002
Exported script 58/77 <repo>/decompiled/3-Prince-Adventure/reg/scripts/DefineSprite_229/frame_93/DoAction.as, 00:00.002
Exported script 57/77 <repo>/decompiled/3-Prince-Adventure/reg/scripts/DefineSprite_229/frame_83/DoAction.as, 00:00.002
Exported script 59/77 <repo>/decompiled/3-Prince-Adventure/reg/scripts/DefineSprite_229/frame_94/DoAction.as, 00:00.002
Exported script 61/77 <repo>/decompiled/3-Prince-Adventure/reg/scripts/DefineSprite_229/frame_102/DoAction.as, 00:00.002
Exported script 60/77 <repo>/decompiled/3-Prince-Adventure/reg/scripts/DefineSprite_229/frame_98/DoAction.as, 00:00.002
Exported script 62/77 <repo>/decompiled/3-Prince-Adventure/reg/scripts/DefineSprite_229/frame_103/DoAction.as, 00:00.002
Exported script 63/77 <repo>/decompiled/3-Prince-Adventure/reg/scripts/DefineSprite_229/frame_107/DoAction.as, 00:00.001
Exported script 56/77 <repo>/decompiled/3-Prince-Adventure/reg/scripts/DefineSprite_229/frame_79/DoAction.as, 00:00.008
Exported script 64/77 <repo>/decompiled/3-Prince-Adventure/reg/scripts/DefineSprite_229/frame_111/DoAction.as, 00:00.004
Exported script 68/77 <repo>/decompiled/3-Prince-Adventure/reg/scripts/DefineSprite_232/frame_8/DoAction.as, 00:00.000
Exported script 70/77 <repo>/decompiled/3-Prince-Adventure/reg/scripts/DefineSprite_257/frame_7/DoAction.as, 00:00.001
Exported script 69/77 <repo>/decompiled/3-Prince-Adventure/reg/scripts/DefineSprite_232/frame_15/DoAction.as, 00:00.001
Exported script 65/77 <repo>/decompiled/3-Prince-Adventure/reg/scripts/DefineSprite_229/frame_112/DoAction.as, 00:00.005
Exported script 66/77 <repo>/decompiled/3-Prince-Adventure/reg/scripts/DefineSprite_229/frame_122/DoAction.as, 00:00.005
Exported script 67/77 <repo>/decompiled/3-Prince-Adventure/reg/scripts/DefineSprite_232/frame_1/DoAction.as, 00:00.002
Exported script 73/77 <repo>/decompiled/3-Prince-Adventure/reg/scripts/frame_2/DoAction.as, 00:00.003
Exported script 74/77 <repo>/decompiled/3-Prince-Adventure/reg/scripts/frame_3/DoAction.as, 00:00.004
Exported script 72/77 <repo>/decompiled/3-Prince-Adventure/reg/scripts/frame_1/DoAction_2.as, 00:00.006
Exported script 77/77 <repo>/decompiled/3-Prince-Adventure/reg/scripts/frame_23/DoAction.as, 00:00.003
Exported script 75/77 <repo>/decompiled/3-Prince-Adventure/reg/scripts/frame_9/DoAction.as, 00:00.007
Exported script 76/77 <repo>/decompiled/3-Prince-Adventure/reg/scripts/frame_15/DoAction.as, 00:00.004
Exported script 71/77 <repo>/decompiled/3-Prince-Adventure/reg/scripts/frame_1/DoAction.as, 00:00.010
Exported script 4/77 <repo>/decompiled/3-Prince-Adventure/reg/scripts/__Packages/Header.as, 00:00.121
Exported script 9/77 <repo>/decompiled/3-Prince-Adventure/reg/scripts/__Packages/Prince3/PrinceSystem.as, 00:00.176
Export finished. Total export time: 00:01.035
OK
