JPEXS Free Flash Decompiler v.26.2.1
------------------------------------
Exporting texts...
Exported text 1/47 DefineEditText (chid: 8)
Exported text 2/47 DefineText (chid: 17)
Exported text 3/47 DefineText (chid: 29)
Exported text 4/47 DefineText (chid: 32)
Exported text 5/47 DefineText (chid: 39)
Exported text 6/47 DefineText (chid: 51)
Exported text 7/47 DefineText (chid: 84)
Exported text 8/47 DefineText (chid: 101)
Exported text 9/47 DefineText (chid: 103)
Exported text 10/47 DefineText (chid: 104)
Exported text 11/47 DefineEditText (chid: 107)
Exported text 12/47 DefineText (chid: 113)
Exported text 13/47 DefineText (chid: 114)
Exported text 14/47 DefineText (chid: 115)
Exported text 15/47 DefineText (chid: 116)
Exported text 16/47 DefineText (chid: 117)
Exported text 17/47 DefineText (chid: 118)
Exported text 18/47 DefineText (chid: 122)
Exported text 19/47 DefineText (chid: 126)
Exported text 20/47 DefineEditText (chid: 130, vn: "score")
Exported text 21/47 DefineText (chid: 132)
Exported text 22/47 DefineText (chid: 133)
Exported text 23/47 DefineEditText (chid: 134, vn: "classlevel")
Exported text 24/47 DefineEditText (chid: 135, vn: "gem7")
Exported text 25/47 DefineEditText (chid: 137, vn: "gem6")
Exported text 26/47 DefineEditText (chid: 139, vn: "gem5")
Exported text 27/47 DefineEditText (chid: 141, vn: "gem4")
Exported text 28/47 DefineEditText (chid: 143, vn: "gem1")
Exported text 29/47 DefineEditText (chid: 145, vn: "gem0")
Exported text 30/47 DefineEditText (chid: 147, vn: "gem2")
Exported text 31/47 DefineEditText (chid: 149, vn: "gem3")
Exported text 32/47 DefineEditText (chid: 158)
Exported text 33/47 DefineText (chid: 159)
Exported text 34/47 DefineEditText (chid: 160)
Exported text 35/47 DefineText (chid: 164)
Exported text 36/47 DefineText (chid: 167)
Exported text 37/47 DefineText (chid: 168)
Exported text 38/47 DefineText (chid: 173)
Exported text 39/47 DefineText (chid: 175)
Exported text 40/47 DefineText (chid: 177)
Exported text 41/47 DefineText (chid: 182)
Exported text 42/47 DefineText (chid: 183)
Exported text 43/47 DefineText (chid: 184)
Exported text 44/47 DefineText (chid: 186)
Exported text 45/47 DefineText (chid: 188)
Exported text 46/47 DefineText (chid: 193)
Exported text 47/47 DefineEditText (chid: 194, vn: "verNumber")
Exporting scripts...
Exported script 1/39 <repo>/decompiled/3-Prince-Adventure/login/scripts/mc_login.as, 00:00.003
Exported script 2/39 <repo>/decompiled/3-Prince-Adventure/login/scripts/mc_setting_btn3.as, 00:00.003
Exported script 7/39 <repo>/decompiled/3-Prince-Adventure/login/scripts/__Packages/Prince3/Button1.as, 00:00.013
Exported script 8/39 <repo>/decompiled/3-Prince-Adventure/login/scripts/__Packages/Prince3/KeyController.as, 00:00.012
Exported script 9/39 <repo>/decompiled/3-Prince-Adventure/login/scripts/__Packages/Prince3/Loading.as, 00:00.011
Exported script 10/39 <repo>/decompiled/3-Prince-Adventure/login/scripts/__Packages/Prince3/MiniGame.as, 00:00.002
Exported script 11/39 <repo>/decompiled/3-Prince-Adventure/login/scripts/__Packages/Prince3/NumberAni.as, 00:00.003
Exported script 13/39 <repo>/decompiled/3-Prince-Adventure/login/scripts/__Packages/Prince3/Setting.as, 00:00.027
Exported script 15/39 <repo>/decompiled/3-Prince-Adventure/login/scripts/__Packages/Prince3/User.as, 00:00.006
Exported script 3/39 <repo>/decompiled/3-Prince-Adventure/login/scripts/__Packages/Application.as, 00:00.058
Exported script 17/39 <repo>/decompiled/3-Prince-Adventure/login/scripts/__Packages/Prince3/UI/CheckButton.as, 00:00.014
Exported script 18/39 <repo>/decompiled/3-Prince-Adventure/login/scripts/__Packages/mx/utils/Delegate.as, 00:00.012
Exported script 19/39 <repo>/decompiled/3-Prince-Adventure/login/scripts/DefineSprite_30/frame_1/DoAction.as, 00:00.002
Exported script 20/39 <repo>/decompiled/3-Prince-Adventure/login/scripts/DefineSprite_33/frame_1/DoAction.as, 00:00.003
Exported script 21/39 <repo>/decompiled/3-Prince-Adventure/login/scripts/DefineSprite_43/frame_9/DoAction.as, 00:00.006
Exported script 22/39 <repo>/decompiled/3-Prince-Adventure/login/scripts/DefineSprite_46/frame_10/DoAction.as, 00:00.003
Exported script 23/39 <repo>/decompiled/3-Prince-Adventure/login/scripts/DefineSprite_50/frame_1/DoAction.as, 00:00.004
Exported script 14/39 <repo>/decompiled/3-Prince-Adventure/login/scripts/__Packages/Prince3/SoundSystem.as, 00:00.089
Exported script 24/39 <repo>/decompiled/3-Prince-Adventure/login/scripts/DefineSprite_50/frame_13/DoAction.as, 00:00.006
Exported script 25/39 <repo>/decompiled/3-Prince-Adventure/login/scripts/DefineSprite_55/frame_1/DoAction.as, 00:00.003
Exported script 26/39 <repo>/decompiled/3-Prince-Adventure/login/scripts/DefineSprite_55/frame_15/DoAction.as, 00:00.004
Exported script 27/39 <repo>/decompiled/3-Prince-Adventure/login/scripts/DefineSprite_125/frame_1/DoAction.as, 00:00.002
Exported script 29/39 <repo>/decompiled/3-Prince-Adventure/login/scripts/DefineSprite_165/frame_1/DoAction.as, 00:00.001
Exported script 28/39 <repo>/decompiled/3-Prince-Adventure/login/scripts/DefineSprite_127/frame_1/DoAction.as, 00:00.001
Exported script 30/39 <repo>/decompiled/3-Prince-Adventure/login/scripts/DefineSprite_169/frame_1/DoAction.as, 00:00.001
Exported script 31/39 <repo>/decompiled/3-Prince-Adventure/login/scripts/DefineSprite_174/frame_1/DoAction.as, 00:00.002
Exported script 4/39 <repo>/decompiled/3-Prince-Adventure/login/scripts/__Packages/GameBar.as, 00:00.115
Exported script 32/39 <repo>/decompiled/3-Prince-Adventure/login/scripts/DefineSprite_176/frame_1/DoAction.as, 00:00.002
Exported script 16/39 <repo>/decompiled/3-Prince-Adventure/login/scripts/__Packages/Prince3/Utils.as, 00:00.066
Exported script 33/39 <repo>/decompiled/3-Prince-Adventure/login/scripts/DefineSprite_185/frame_1/DoAction.as, 00:00.002
Exported script 35/39 <repo>/decompiled/3-Prince-Adventure/login/scripts/DefineSprite_189/frame_1/DoAction.as, 00:00.002
Exported script 34/39 <repo>/decompiled/3-Prince-Adventure/login/scripts/DefineSprite_187/frame_1/DoAction.as, 00:00.003
Exported script 36/39 <repo>/decompiled/3-Prince-Adventure/login/scripts/DefineSprite_190/frame_1/DoAction.as, 00:00.002
Exported script 39/39 <repo>/decompiled/3-Prince-Adventure/login/scripts/frame_1/DoAction.as, 00:00.001
Exported script 38/39 <repo>/decompiled/3-Prince-Adventure/login/scripts/DefineSprite_190/frame_15/DoAction.as, 00:00.004
Exported script 37/39 <repo>/decompiled/3-Prince-Adventure/login/scripts/DefineSprite_190/frame_8/DoAction.as, 00:00.006
Exported script 6/39 <repo>/decompiled/3-Prince-Adventure/login/scripts/__Packages/LoginUI.as, 00:00.128
Exported script 5/39 <repo>/decompiled/3-Prince-Adventure/login/scripts/__Packages/Header.as, 00:00.194
Exported script 12/39 <repo>/decompiled/3-Prince-Adventure/login/scripts/__Packages/Prince3/PrinceSystem.as, 00:00.341
Export finished. Total export time: 00:01.216
OK
