JPEXS Free Flash Decompiler v.26.2.1
------------------------------------
Exporting texts...
Exported text 1/86 DefineEditText (chid: 40)
Exported text 2/86 DefineText (chid: 42)
Exported text 3/86 DefineText (chid: 44)
Exported text 4/86 DefineEditText (chid: 45)
Exported text 5/86 DefineText (chid: 62)
Exported text 6/86 DefineText (chid: 70)
Exported text 7/86 DefineText (chid: 77)
Exported text 8/86 DefineText (chid: 85)
Exported text 9/86 DefineText (chid: 92)
Exported text 10/86 DefineText (chid: 102)
Exported text 11/86 DefineText (chid: 103)
Exported text 12/86 DefineText (chid: 104)
Exported text 13/86 DefineText (chid: 105)
Exported text 14/86 DefineText (chid: 106)
Exported text 15/86 DefineText (chid: 107)
Exported text 16/86 DefineText (chid: 108)
Exported text 17/86 DefineText (chid: 109)
Exported text 18/86 DefineEditText (chid: 136, vn: "msgVar")
Exported text 19/86 DefineText (chid: 142)
Exported text 20/86 DefineText (chid: 147)
Exported text 21/86 DefineEditText (chid: 157, vn: "msgVar")
Exported text 22/86 DefineText (chid: 158)
Exported text 23/86 DefineEditText (chid: 164, vn: "msgVar")
Exported text 24/86 DefineText (chid: 169)
Exported text 25/86 DefineText (chid: 183)
Exported text 26/86 DefineText (chid: 198)
Exported text 27/86 DefineText (chid: 199)
Exported text 28/86 DefineText (chid: 205)
Exported text 29/86 DefineText (chid: 207)
Exported text 30/86 DefineText (chid: 214)
Exported text 31/86 DefineText (chid: 221)
Exported text 32/86 DefineText (chid: 241)
Exported text 33/86 DefineText (chid: 246)
Exported text 34/86 DefineText (chid: 258)
Exported text 35/86 DefineText (chid: 262)
Exported text 36/86 DefineText (chid: 267)
Exported text 37/86 DefineText (chid: 276)
Exported text 38/86 DefineText (chid: 277)
Exported text 39/86 DefineText (chid: 278)
Exported text 40/86 DefineText (chid: 279)
Exported text 41/86 DefineText (chid: 280)
Exported text 42/86 DefineText (chid: 281)
Exported text 43/86 DefineText (chid: 282)
Exported text 44/86 DefineText (chid: 293)
Exported text 45/86 DefineText (chid: 294)
Exported text 46/86 DefineText (chid: 296)
Exported text 47/86 DefineText (chid: 298)
Exported text 48/86 DefineText (chid: 301)
Exported text 49/86 DefineText (chid: 303)
Exported text 50/86 DefineText (chid: 305)
Exported text 51/86 DefineText (chid: 331)
Exported text 52/86 DefineText (chid: 332)
Exported text 53/86 DefineText (chid: 333)
Exported text 54/86 DefineText (chid: 335)
Exported text 55/86 DefineText (chid: 337)
Exported text 56/86 DefineText (chid: 338)
Exported text 57/86 DefineText (chid: 342)
Exported text 58/86 DefineText (chid: 343)
Exported text 59/86 DefineText (chid: 346)
Exported text 60/86 DefineText (chid: 347)
Exported text 61/86 DefineText (chid: 348)
Exported text 62/86 DefineText (chid: 350)
Exported text 63/86 DefineText (chid: 351)
Exported text 64/86 DefineText (chid: 354)
Exported text 65/86 DefineText (chid: 355)
Exported text 66/86 DefineText (chid: 358)
Exported text 67/86 DefineText (chid: 359)
Exported text 68/86 DefineText (chid: 361)
Exported text 69/86 DefineText (chid: 362)
Exported text 70/86 DefineText (chid: 363)
Exported text 71/86 DefineText (chid: 365)
Exported text 72/86 DefineText (chid: 366)
Exported text 73/86 DefineText (chid: 367)
Exported text 74/86 DefineEditText (chid: 369, vn: "verNumber")
Exported text 75/86 DefineText (chid: 370)
Exported text 76/86 DefineText (chid: 371)
Exported text 77/86 DefineText (chid: 373)
Exported text 78/86 DefineText (chid: 374)
Exported text 79/86 DefineText (chid: 376)
Exported text 80/86 DefineText (chid: 377)
Exported text 81/86 DefineText (chid: 379)
Exported text 82/86 DefineText (chid: 387)
Exported text 83/86 DefineText (chid: 390)
Exported text 84/86 DefineText (chid: 391)
Exported text 85/86 DefineEditText (chid: 414)
Exported text 86/86 DefineText (chid: 416)
Exporting scripts...
Exported script 6/132 <repo>/decompiled/1-Starwish-Legend/index/scripts/DefineButton2_266/BUTTONCONDACTION on(release).as, 00:00.005
Exported script 7/132 <repo>/decompiled/1-Starwish-Legend/index/scripts/DefineButton2_269/BUTTONCONDACTION on(release).as, 00:00.006
Exported script 5/132 <repo>/decompiled/1-Starwish-Legend/index/scripts/__Packages/lib/LoadQue/LoadQue.as, 00:00.013
Exported script 3/132 <repo>/decompiled/1-Starwish-Legend/index/scripts/__Packages/User.as, 00:00.016
Exported script 9/132 <repo>/decompiled/1-Starwish-Legend/index/scripts/DefineButton2_326/BUTTONCONDACTION on(release).as, 00:00.009
Exported script 4/132 <repo>/decompiled/1-Starwish-Legend/index/scripts/__Packages/lib/LoadQue/LoadMovie.as, 00:00.017
Exported script 1/132 <repo>/decompiled/1-Starwish-Legend/index/scripts/__Packages/RegInfo.as, 00:00.017
Exported script 8/132 <repo>/decompiled/1-Starwish-Legend/index/scripts/DefineButton2_324/BUTTONCONDACTION on(release).as, 00:00.012
Exported script 10/132 <repo>/decompiled/1-Starwish-Legend/index/scripts/DefineButton2_330/BUTTONCONDACTION on(release).as, 00:00.005
Exported script 12/132 <repo>/decompiled/1-Starwish-Legend/index/scripts/DefineButton2_389/BUTTONCONDACTION on(release).as, 00:00.003
Exported script 13/132 <repo>/decompiled/1-Starwish-Legend/index/scripts/DefineSprite_20/frame_1/DoAction.as, 00:00.003
Exported script 14/132 <repo>/decompiled/1-Starwish-Legend/index/scripts/DefineSprite_38/frame_1/DoAction.as, 00:00.003
Exported script 15/132 <repo>/decompiled/1-Starwish-Legend/index/scripts/DefineSprite_51_loading/frame_25/DoAction.as, 00:00.003
Exported script 11/132 <repo>/decompiled/1-Starwish-Legend/index/scripts/DefineButton2_384/BUTTONCONDACTION on(release).as, 00:00.005
Exported script 16/132 <repo>/decompiled/1-Starwish-Legend/index/scripts/DefineSprite_55/frame_10/DoAction.as, 00:00.003
Exported script 19/132 <repo>/decompiled/1-Starwish-Legend/index/scripts/DefineSprite_66/frame_10/DoAction.as, 00:00.005
Exported script 17/132 <repo>/decompiled/1-Starwish-Legend/index/scripts/DefineSprite_60/frame_10/DoAction.as, 00:00.004
Exported script 21/132 <repo>/decompiled/1-Starwish-Legend/index/scripts/DefineSprite_71/frame_13/DoAction.as, 00:00.005
Exported script 20/132 <repo>/decompiled/1-Starwish-Legend/index/scripts/DefineSprite_69/frame_10/DoAction.as, 00:00.005
Exported script 18/132 <repo>/decompiled/1-Starwish-Legend/index/scripts/DefineSprite_63/frame_13/DoAction.as, 00:00.003
Exported script 22/132 <repo>/decompiled/1-Starwish-Legend/index/scripts/DefineSprite_74/frame_10/DoAction.as, 00:00.004
Exported script 23/132 <repo>/decompiled/1-Starwish-Legend/index/scripts/DefineSprite_78/frame_13/DoAction.as, 00:00.003
Exported script 24/132 <repo>/decompiled/1-Starwish-Legend/index/scripts/DefineSprite_81/frame_10/DoAction.as, 00:00.004
Exported script 25/132 <repo>/decompiled/1-Starwish-Legend/index/scripts/DefineSprite_84/frame_10/DoAction.as, 00:00.003
Exported script 26/132 <repo>/decompiled/1-Starwish-Legend/index/scripts/DefineSprite_86/frame_13/DoAction.as, 00:00.003
Exported script 27/132 <repo>/decompiled/1-Starwish-Legend/index/scripts/DefineSprite_89/frame_10/DoAction.as, 00:00.003
Exported script 28/132 <repo>/decompiled/1-Starwish-Legend/index/scripts/DefineSprite_93/frame_13/DoAction.as, 00:00.002
Exported script 29/132 <repo>/decompiled/1-Starwish-Legend/index/scripts/DefineSprite_94/frame_1/DoAction.as, 00:00.001
Exported script 30/132 <repo>/decompiled/1-Starwish-Legend/index/scripts/DefineSprite_94/frame_9/DoAction.as, 00:00.001
Exported script 31/132 <repo>/decompiled/1-Starwish-Legend/index/scripts/DefineSprite_94/frame_20/DoAction.as, 00:00.001
Exported script 32/132 <repo>/decompiled/1-Starwish-Legend/index/scripts/DefineSprite_94/frame_28/DoAction.as, 00:00.001
Exported script 33/132 <repo>/decompiled/1-Starwish-Legend/index/scripts/DefineSprite_94/frame_39/DoAction.as, 00:00.002
Exported script 34/132 <repo>/decompiled/1-Starwish-Legend/index/scripts/DefineSprite_94/frame_47/DoAction.as, 00:00.002
Exported script 35/132 <repo>/decompiled/1-Starwish-Legend/index/scripts/DefineSprite_94/frame_58/DoAction.as, 00:00.002
Exported script 36/132 <repo>/decompiled/1-Starwish-Legend/index/scripts/DefineSprite_94/frame_66/DoAction.as, 00:00.002
Exported script 37/132 <repo>/decompiled/1-Starwish-Legend/index/scripts/DefineSprite_94/frame_77/DoAction.as, 00:00.002
Exported script 38/132 <repo>/decompiled/1-Starwish-Legend/index/scripts/DefineSprite_94/frame_85/DoAction.as, 00:00.002
Exported script 39/132 <repo>/decompiled/1-Starwish-Legend/index/scripts/DefineSprite_94/frame_96/DoAction.as, 00:00.001
Exported script 40/132 <repo>/decompiled/1-Starwish-Legend/index/scripts/DefineSprite_99/frame_1/DoAction.as, 00:00.002
Exported script 41/132 <repo>/decompiled/1-Starwish-Legend/index/scripts/DefineSprite_99/frame_2/DoAction.as, 00:00.002
Exported script 42/132 <repo>/decompiled/1-Starwish-Legend/index/scripts/DefineSprite_99/frame_19/DoAction.as, 00:00.001
Exported script 43/132 <repo>/decompiled/1-Starwish-Legend/index/scripts/DefineSprite_99/frame_30/DoAction.as, 00:00.003
Exported script 46/132 <repo>/decompiled/1-Starwish-Legend/index/scripts/DefineSprite_99/frame_55/DoAction.as, 00:00.002
Exported script 47/132 <repo>/decompiled/1-Starwish-Legend/index/scripts/DefineSprite_99/frame_66/DoAction.as, 00:00.003
Exported script 44/132 <repo>/decompiled/1-Starwish-Legend/index/scripts/DefineSprite_99/frame_37/DoAction.as, 00:00.003
Exported script 48/132 <repo>/decompiled/1-Starwish-Legend/index/scripts/DefineSprite_99/frame_73/DoAction.as, 00:00.004
Exported script 45/132 <repo>/decompiled/1-Starwish-Legend/index/scripts/DefineSprite_99/frame_38/DoAction.as, 00:00.005
Exported script 50/132 <repo>/decompiled/1-Starwish-Legend/index/scripts/DefineSprite_116/frame_1/DoAction.as, 00:00.002
Exported script 51/132 <repo>/decompiled/1-Starwish-Legend/index/scripts/DefineSprite_120/frame_1/DoAction.as, 00:00.004
Exported script 49/132 <repo>/decompiled/1-Starwish-Legend/index/scripts/DefineSprite_110/frame_1/DoAction.as, 00:00.004
Exported script 52/132 <repo>/decompiled/1-Starwish-Legend/index/scripts/DefineSprite_120/frame_2/DoAction.as, 00:00.005
Exported script 53/132 <repo>/decompiled/1-Starwish-Legend/index/scripts/DefineSprite_120/frame_19/DoAction.as, 00:00.004
Exported script 59/132 <repo>/decompiled/1-Starwish-Legend/index/scripts/DefineSprite_162/frame_7/DoAction.as, 00:00.001
Exported script 60/132 <repo>/decompiled/1-Starwish-Legend/index/scripts/DefineSprite_162/frame_11/DoAction.as, 00:00.000
Exported script 61/132 <repo>/decompiled/1-Starwish-Legend/index/scripts/DefineSprite_178/frame_7/DoAction.as, 00:00.001
Exported script 62/132 <repo>/decompiled/1-Starwish-Legend/index/scripts/DefineSprite_178/frame_11/DoAction.as, 00:00.000
Exported script 54/132 <repo>/decompiled/1-Starwish-Legend/index/scripts/DefineSprite_120/frame_30/DoAction.as, 00:00.007
Exported script 63/132 <repo>/decompiled/1-Starwish-Legend/index/scripts/DefineSprite_184/frame_1/DoAction.as, 00:00.001
Exported script 64/132 <repo>/decompiled/1-Starwish-Legend/index/scripts/DefineSprite_225/frame_1/DoAction.as, 00:00.000
Exported script 65/132 <repo>/decompiled/1-Starwish-Legend/index/scripts/DefineSprite_231/frame_1/DoAction.as, 00:00.001
Exported script 66/132 <repo>/decompiled/1-Starwish-Legend/index/scripts/DefineSprite_235/frame_1/DoAction.as, 00:00.000
Exported script 68/132 <repo>/decompiled/1-Starwish-Legend/index/scripts/DefineSprite_271/frame_1/DoAction.as, 00:00.001
Exported script 67/132 <repo>/decompiled/1-Starwish-Legend/index/scripts/DefineSprite_239/frame_1/DoAction.as, 00:00.001
Exported script 70/132 <repo>/decompiled/1-Starwish-Legend/index/scripts/DefineSprite_287/frame_7/DoAction.as, 00:00.000
Exported script 69/132 <repo>/decompiled/1-Starwish-Legend/index/scripts/DefineSprite_287/frame_1/DoAction.as, 00:00.001
Exported script 72/132 <repo>/decompiled/1-Starwish-Legend/index/scripts/DefineSprite_289/frame_8/DoAction.as, 00:00.000
Exported script 71/132 <repo>/decompiled/1-Starwish-Legend/index/scripts/DefineSprite_289/frame_2/DoAction.as, 00:00.002
Exported script 73/132 <repo>/decompiled/1-Starwish-Legend/index/scripts/DefineSprite_289/frame_10/DoAction.as, 00:00.001
Exported script 74/132 <repo>/decompiled/1-Starwish-Legend/index/scripts/DefineSprite_325/frame_1/DoAction.as, 00:00.000
Exported script 75/132 <repo>/decompiled/1-Starwish-Legend/index/scripts/DefineSprite_327/frame_2/DoAction.as, 00:00.001
Exported script 76/132 <repo>/decompiled/1-Starwish-Legend/index/scripts/DefineSprite_327/frame_8/DoAction.as, 00:00.001
Exported script 77/132 <repo>/decompiled/1-Starwish-Legend/index/scripts/DefineSprite_327/frame_10/DoAction.as, 00:00.000
Exported script 78/132 <repo>/decompiled/1-Starwish-Legend/index/scripts/DefineSprite_380/frame_1/DoAction.as, 00:00.001
Exported script 79/132 <repo>/decompiled/1-Starwish-Legend/index/scripts/DefineSprite_380/frame_8/DoAction.as, 00:00.001
Exported script 80/132 <repo>/decompiled/1-Starwish-Legend/index/scripts/DefineSprite_380/frame_9/DoAction.as, 00:00.000
Exported script 81/132 <repo>/decompiled/1-Starwish-Legend/index/scripts/DefineSprite_380/frame_13/DoAction.as, 00:00.001
Exported script 82/132 <repo>/decompiled/1-Starwish-Legend/index/scripts/DefineSprite_393/frame_2/DoAction.as, 00:00.001
Exported script 56/132 <repo>/decompiled/1-Starwish-Legend/index/scripts/DefineSprite_127/frame_4/DoAction.as, 00:00.011
Exported script 83/132 <repo>/decompiled/1-Starwish-Legend/index/scripts/DefineSprite_393/frame_8/DoAction.as, 00:00.001
Exported script 84/132 <repo>/decompiled/1-Starwish-Legend/index/scripts/DefineSprite_393/frame_10/DoAction.as, 00:00.001
Exported script 85/132 <repo>/decompiled/1-Starwish-Legend/index/scripts/DefineSprite_394/frame_1/DoAction.as, 00:00.001
Exported script 86/132 <repo>/decompiled/1-Starwish-Legend/index/scripts/DefineSprite_407/frame_1/DoAction.as, 00:00.001
Exported script 87/132 <repo>/decompiled/1-Starwish-Legend/index/scripts/DefineSprite_411/frame_1/DoAction.as, 00:00.001
Exported script 88/132 <repo>/decompiled/1-Starwish-Legend/index/scripts/DefineSprite_411/frame_98/DoAction.as, 00:00.002
Exported script 89/132 <repo>/decompiled/1-Starwish-Legend/index/scripts/DefineSprite_411/frame_100/DoAction.as, 00:00.001
Exported script 55/132 <repo>/decompiled/1-Starwish-Legend/index/scripts/DefineSprite_120/frame_37/DoAction.as, 00:00.018
Exported script 90/132 <repo>/decompiled/1-Starwish-Legend/index/scripts/DefineSprite_411/frame_110/DoAction.as, 00:00.004
Exported script 91/132 <repo>/decompiled/1-Starwish-Legend/index/scripts/DefineSprite_411/frame_111/DoAction.as, 00:00.004
Exported script 58/132 <repo>/decompiled/1-Starwish-Legend/index/scripts/DefineSprite_155/frame_11/DoAction.as, 00:00.016
Exported script 57/132 <repo>/decompiled/1-Starwish-Legend/index/scripts/DefineSprite_155/frame_7/DoAction.as, 00:00.018
Exported script 93/132 <repo>/decompiled/1-Starwish-Legend/index/scripts/DefineSprite_413/frame_2/DoAction.as, 00:00.002
Exported script 92/132 <repo>/decompiled/1-Starwish-Legend/index/scripts/DefineSprite_413/frame_1/DoAction.as, 00:00.004
Exported script 94/132 <repo>/decompiled/1-Starwish-Legend/index/scripts/DefineSprite_413/frame_12/DoAction.as, 00:00.002
Exported script 95/132 <repo>/decompiled/1-Starwish-Legend/index/scripts/DefineSprite_418/frame_1/DoAction.as, 00:00.001
Exported script 96/132 <repo>/decompiled/1-Starwish-Legend/index/scripts/DefineSprite_418/frame_2/DoAction.as, 00:00.001
Exported script 97/132 <repo>/decompiled/1-Starwish-Legend/index/scripts/frame_1/DoAction.as, 00:00.002
Exported script 98/132 <repo>/decompiled/1-Starwish-Legend/index/scripts/frame_3/DoAction.as, 00:00.003
Exported script 100/132 <repo>/decompiled/1-Starwish-Legend/index/scripts/frame_3/DoAction_3.as, 00:00.002
Exported script 99/132 <repo>/decompiled/1-Starwish-Legend/index/scripts/frame_3/DoAction_2.as, 00:00.008
Exported script 103/132 <repo>/decompiled/1-Starwish-Legend/index/scripts/frame_3/DoAction_6.as, 00:00.011
Exported script 102/132 <repo>/decompiled/1-Starwish-Legend/index/scripts/frame_3/DoAction_5.as, 00:00.015
Exported script 106/132 <repo>/decompiled/1-Starwish-Legend/index/scripts/frame_3/DoAction_9.as, 00:00.007
Exported script 104/132 <repo>/decompiled/1-Starwish-Legend/index/scripts/frame_3/DoAction_7.as, 00:00.010
Exported script 108/132 <repo>/decompiled/1-Starwish-Legend/index/scripts/frame_3/DoAction_11.as, 00:00.003
Exported script 110/132 <repo>/decompiled/1-Starwish-Legend/index/scripts/frame_3/DoAction_13.as, 00:00.004
Exported script 107/132 <repo>/decompiled/1-Starwish-Legend/index/scripts/frame_3/DoAction_10.as, 00:00.007
Exported script 109/132 <repo>/decompiled/1-Starwish-Legend/index/scripts/frame_3/DoAction_12.as, 00:00.005
Exported script 105/132 <repo>/decompiled/1-Starwish-Legend/index/scripts/frame_3/DoAction_8.as, 00:00.019
Exported script 111/132 <repo>/decompiled/1-Starwish-Legend/index/scripts/frame_3/DoAction_14.as, 00:00.003
Exported script 101/132 <repo>/decompiled/1-Starwish-Legend/index/scripts/frame_3/DoAction_4.as, 00:00.026
Exported script 115/132 <repo>/decompiled/1-Starwish-Legend/index/scripts/frame_3/DoAction_18.as, 00:00.005
Exported script 112/132 <repo>/decompiled/1-Starwish-Legend/index/scripts/frame_3/DoAction_15.as, 00:00.007
Exported script 114/132 <repo>/decompiled/1-Starwish-Legend/index/scripts/frame_3/DoAction_17.as, 00:00.011
Exported script 118/132 <repo>/decompiled/1-Starwish-Legend/index/scripts/frame_3/DoAction_21.as, 00:00.021
Exported script 120/132 <repo>/decompiled/1-Starwish-Legend/index/scripts/frame_3/DoAction_23.as, 00:00.023
Exported script 122/132 <repo>/decompiled/1-Starwish-Legend/index/scripts/frame_3/DoAction_25.as, 00:00.004
Exported script 123/132 <repo>/decompiled/1-Starwish-Legend/index/scripts/frame_3/DoAction_26.as, 00:00.006
Exported script 116/132 <repo>/decompiled/1-Starwish-Legend/index/scripts/frame_3/DoAction_19.as, 00:00.044
Exported script 124/132 <repo>/decompiled/1-Starwish-Legend/index/scripts/frame_3/DoAction_27.as, 00:00.003
Exported script 121/132 <repo>/decompiled/1-Starwish-Legend/index/scripts/frame_3/DoAction_24.as, 00:00.022
Exported script 119/132 <repo>/decompiled/1-Starwish-Legend/index/scripts/frame_3/DoAction_22.as, 00:00.043
Exported script 126/132 <repo>/decompiled/1-Starwish-Legend/index/scripts/frame_3/DoAction_29.as, 00:00.003
Exported script 125/132 <repo>/decompiled/1-Starwish-Legend/index/scripts/frame_3/DoAction_28.as, 00:00.006
Exported script 130/132 <repo>/decompiled/1-Starwish-Legend/index/scripts/frame_3/DoAction_33.as, 00:00.002
Exported script 129/132 <repo>/decompiled/1-Starwish-Legend/index/scripts/frame_3/DoAction_32.as, 00:00.003
Exported script 127/132 <repo>/decompiled/1-Starwish-Legend/index/scripts/frame_3/DoAction_30.as, 00:00.005
Exported script 132/132 <repo>/decompiled/1-Starwish-Legend/index/scripts/frame_4/DoAction.as, 00:00.002
Exported script 131/132 <repo>/decompiled/1-Starwish-Legend/index/scripts/frame_3/DoAction_34.as, 00:00.002
Exported script 128/132 <repo>/decompiled/1-Starwish-Legend/index/scripts/frame_3/DoAction_31.as, 00:00.009
Exported script 113/132 <repo>/decompiled/1-Starwish-Legend/index/scripts/frame_3/DoAction_16.as, 00:00.059
Exported script 2/132 <repo>/decompiled/1-Starwish-Legend/index/scripts/__Packages/Report.as, 00:00.138
Exported script 117/132 <repo>/decompiled/1-Starwish-Legend/index/scripts/frame_3/DoAction_20.as, 00:00.061
Export finished. Total export time: 00:01.099
OK
